warning: unused imports: `Response` and `header::CONTENT_TYPE`
 --> http\src\sse.rs:2:12
  |
2 | ...::{header::CONTENT_TYPE, Response};
  |       ^^^^^^^^^^^^^^^^^^^^  ^^^^^^^^
  |
  = note: `#[warn(unused_imports)]` (part of `#[warn(unused)]`) on by default

warning: unused imports: `BodyExt` and `StreamBody`
 --> http\src\sse.rs:3:22
  |
3 | ...util::{StreamBody, BodyExt};
  |           ^^^^^^^^^^  ^^^^^^^

warning: unused import: `StreamExt`
 --> http\src\sse.rs:7:36
  |
7 | ...m::{Stream, StreamExt};
  |                ^^^^^^^^^

warning: variable does not need to be mutable
    --> http\src\ingress.rs:1535:25
     |
1535 | ...     let mut res = (entry.hand...
     |             ----^^^
     |             |
     |             help: remove this `mut`
     |
     = note: `#[warn(unused_mut)]` (part of `#[warn(unused)]`) on by default

warning: variable does not need to be mutable
    --> http\src\ingress.rs:1549:25
     |
1549 | ...     let mut res = route_servi...
     |             ----^^^
     |             |
     |             help: remove this `mut`

warning: variable does not need to be mutable
    --> http\src\ingress.rs:1569:21
     |
1569 | ... let mut fallback_res = if let...
     |         ----^^^^^^^^^^^^
     |         |
     |         help: remove this `mut`

warning: `ranvier-http` (lib) generated 6 warnings (run `cargo fix --lib -p ranvier-http` to apply 6 suggestions)
   Compiling ranvier-http v0.14.2 (F:\project\ranvier\ranvier-workspace\ranvier\http)
warning: unused import: `std::convert::Infallible`
 --> http\tests\sse_test.rs:4:5
  |
4 | use std::convert::Infallible;
  |     ^^^^^^^^^^^^^^^^^^^^^^^^
  |
  = note: `#[warn(unused_imports)]` (part of `#[warn(unused)]`) on by default

warning: unused import: `futures_util::StreamExt`
 --> http\tests\sse_test.rs:5:5
  |
5 | use futures_util::StreamExt;
  |     ^^^^^^^^^^^^^^^^^^^^^^^

warning: unused import: `http_body_util::BodyExt`
 --> http\tests\sse_test.rs:6:5
  |
6 | use http_body_util::BodyExt;
  |     ^^^^^^^^^^^^^^^^^^^^^^^

warning: `ranvier-http` (test "sse_test") generated 3 warnings (run `cargo fix --test "sse_test" -p ranvier-http` to apply 1 suggestion)
error[E0432]: unresolved import `ranvier_http::extract::multipart`
  --> http\tests\multipart_test.rs:6:28
   |
 6 | use ranvier_http::extract::multipart::Multipart;
   |                            ^^^^^^^^^ could not find `multipart` in `extract`
   |
note: found an item that was configured out
  --> F:\project\ranvier\ranvier-workspace\ranvier\http\src\extract.rs:18:9
   |
17 | #[cfg(feature = "multer")]
   |       ------------------ the item is gated behind the `multer` feature
18 | pub mod multipart;
   |         ^^^^^^^^^

warning: unused import: `ranvier_http::extract::FromRequest`
 --> http\tests\multipart_test.rs:7:5
  |
7 | use ranvier_http::extract::FromRequest;
  |     ^^^^^^^^^^^^^^^^^^^^^^^^^^^^^^^^^^
  |
  = note: `#[warn(unused_imports)]` (part of `#[warn(unused)]`) on by default

error[E0599]: no method named `headers` found for reference `&http::request::Parts` in the current scope
  --> http\tests\bus_injector.rs:34:38
   |
34 |             if let Some(value) = req.headers().get("x-user") {
   |                                      ^^^^^^^-- help: remove the arguments
   |                                      |
   |                                      field, not a method

error[E0282]: type annotations needed
  --> http\tests\bus_injector.rs:35:35
   |
35 |                 if let Ok(user) = value.to_str() {
   |                                   ^^^^^ cannot infer type

error[E0282]: type annotations needed
  --> http\tests\bus_injector.rs:36:32
   |
36 |                     bus.insert(user.to_string());
   |                                ^^^^ cannot infer type

error[E0282]: type annotations needed
  --> http\tests\multipart_test.rs:54:18
   |
54 |     let mut mp = Multipart::from_request(&mut req).await.unwrap();
   |                  ^^^^^^^^^^^^^^^^^^^^^^^^^^^^^^^^^^^^^^^ cannot infer type

error[E0282]: type annotations needed
  --> http\tests\multipart_test.rs:55:32
   |
55 |     let (text_fields, files) = mp.collect_all().await.unwrap();
   |                                ^^^^^^^^^^^^^^^^^^^^^^ cannot infer type

error[E0282]: type annotations needed
  --> http\tests\multipart_test.rs:57:16
   |
57 |     assert_eq!(text_fields.len(), 2);
   |                ^^^^^^^^^^^ cannot infer type

error[E0282]: type annotations needed
  --> http\tests\multipart_test.rs:60:13
   |
60 |     assert!(files.is_empty());
   |             ^^^^^ cannot infer type

error[E0282]: type annotations needed
  --> http\tests\multipart_test.rs:81:18
   |
81 |     let mut mp = Multipart::from_request(&mut req).await.unwrap();
   |                  ^^^^^^^^^^^^^^^^^^^^^^^^^^^^^^^^^^^^^^^ cannot infer type

error[E0282]: type annotations needed
  --> http\tests\multipart_test.rs:82:17
   |
82 |     let files = mp.collect_files().await.unwrap();
   |                 ^^^^^^^^^^^^^^^^^^^^^^^^ cannot infer type

error[E0282]: type annotations needed
   --> http\tests\multipart_test.rs:112:18
    |
112 |     let mut mp = Multipart::from_request(&mut req).await.unwrap();
    |                  ^^^^^^^^^^^^^^^^^^^^^^^^^^^^^^^^^^^^^^^ cannot infer type

error[E0282]: type annotations needed
   --> http\tests\multipart_test.rs:113:32
    |
113 |     let (text_fields, files) = mp.collect_all().await.unwrap();
    |                                ^^^^^^^^^^^^^^^^^^^^^^ cannot infer type

error[E0282]: type annotations needed
   --> http\tests\multipart_test.rs:115:16
    |
115 |     assert_eq!(text_fields.len(), 2);
    |                ^^^^^^^^^^^ cannot infer type

error[E0282]: type annotations needed
   --> http\tests\multipart_test.rs:118:16
    |
118 |     assert_eq!(files.len(), 1);
    |                ^^^^^ cannot infer type

error[E0282]: type annotations needed
   --> http\tests\multipart_test.rs:132:9
    |
132 |     let result = Multipart::from_request(&mut req).await;
    |         ^^^^^^
133 |     assert!(result.is_err());
    |             ------ type must be known at this point
    |
help: consider giving `result` an explicit type
    |
132 |     let result: /* Type */ = Multipart::from_request(&mut req).await;
    |               ++++++++++++

error[E0282]: type annotations needed
   --> http\tests\multipart_test.rs:143:9
    |
143 |     let result = Multipart::from_request(&mut req).await;
    |         ^^^^^^
144 |     assert!(result.is_err());
    |             ------ type must be known at this point
    |
help: consider giving `result` an explicit type
    |
143 |     let result: /* Type */ = Multipart::from_request(&mut req).await;
    |               ++++++++++++

Some errors have detailed explanations: E0282, E0599.
For more information about an error, try `rustc --explain E0282`.
error: could not compile `ranvier-http` (test "bus_injector") due to 3 previous errors
warning: build failed, waiting for other jobs to finish...
Some errors have detailed explanations: E0282, E0432.
warning: `ranvier-http` (test "multipart_test") generated 1 warning
error: could not compile `ranvier-http` (test "multipart_test") due to 13 previous errors; 1 warning emitted
warning: unused imports: `Response` and `header::CONTENT_TYPE`
 --> http\src\sse.rs:2:12
  |
2 | use http::{header::CONTENT_TYPE, Response};
  |            ^^^^^^^^^^^^^^^^^^^^  ^^^^^^^^
  |
  = note: `#[warn(unused_imports)]` (part of `#[warn(unused)]`) on by default

warning: unused imports: `BodyExt` and `StreamBody`
 --> http\src\sse.rs:3:22
  |
3 | use http_body_util::{StreamBody, BodyExt};
  |                      ^^^^^^^^^^  ^^^^^^^

warning: unused import: `StreamExt`
 --> http\src\sse.rs:7:36
  |
7 | use futures_util::stream::{Stream, StreamExt};
  |                                    ^^^^^^^^^

error[E0599]: no method named `headers` found for reference `&http::request::Parts` in the current scope
    --> http\src\ingress.rs:2212:22
     |
2211 |                   if let Some(value) = req
     |  ______________________________________-
2212 | |                     .headers()
     | |                     -^^^^^^^-- help: remove the arguments
     | |                     ||
     | |_____________________|field, not a method
     |

error[E0282]: type annotations needed
    --> http\src\ingress.rs:2214:32
     |
2214 |                     .and_then(|v| v.to_str().ok())
     |                                ^  - type must be known at this point
     |
help: consider giving this closure parameter an explicit type
     |
2214 |                     .and_then(|v: /* Type */| v.to_str().ok())
     |                                 ++++++++++++

error[E0282]: type annotations needed
    --> http\src\ingress.rs:2216:32
     |
2216 |                     bus.insert(value.to_string());
     |                                ^^^^^ cannot infer type

error[E0599]: no method named `extensions` found for reference `&http::request::Parts` in the current scope
    --> http\src\ingress.rs:2346:42
     |
2346 |                 if let Some(trace) = req.extensions().get::<IncomingTraceContext>() {
     |                                          ^^^^^^^^^^-- help: remove the arguments
     |                                          |
     |                                          field, not a method

error[E0282]: type annotations needed
    --> http\src\ingress.rs:2347:32
     |
2347 |                     bus.insert(trace.trace_id().to_string());
     |                                ^^^^^ cannot infer type

warning: variable does not need to be mutable
    --> http\src\ingress.rs:1535:25
     |
1535 |                     let mut res = (entry.handler)(parts, &resources).await;
     |                         ----^^^
     |                         |
     |                         help: remove this `mut`
     |
     = note: `#[warn(unused_mut)]` (part of `#[warn(unused)]`) on by default

warning: variable does not need to be mutable
    --> http\src\ingress.rs:1549:25
     |
1549 |                     let mut res = route_service.oneshot(req).await;
     |                         ----^^^
     |                         |
     |                         help: remove this `mut`

warning: variable does not need to be mutable
    --> http\src\ingress.rs:1569:21
     |
1569 |                 let mut fallback_res = if let Some(ref fb) = fallback {
     |                     ----^^^^^^^^^^^^
     |                     |
     |                     help: remove this `mut`

warning: `ranvier-http` (lib test) generated 6 warnings
error: could not compile `ranvier-http` (lib test) due to 5 previous errors; 6 warnings emitted
